../Core/Src/comlink_control.c:291:6:Play_Audio.part.0	32	static
../Core/Src/comlink_control.c:51:6:Start_Audio_In	8	static
../Core/Src/comlink_control.c:96:6:SW_IRQ_OpusTasks_Init	8	static
../Core/Src/comlink_control.c:107:6:SW_OpusTask_Start	0	static
../Core/Src/comlink_control.c:145:6:Audio_IN_HalfTransfer_CallBack	16	static
../Core/Src/comlink_control.c:151:6:Audio_IN_TransferComplete_CallBack	16	static
../Core/Src/comlink_control.c:156:6:Audio_Process	16	static
../Core/Src/comlink_control.c:183:6:HAL_GPIO_EXTI_Callback	0	static
../Core/Src/comlink_control.c:266:6:Write_to_ESP	104	static
../Core/Src/comlink_control.c:200:9:BluevoiceOPUS_SendAudioData	32	static
../Core/Src/comlink_control.c:112:6:SW_OpusTask_Callback	16	static
../Core/Src/comlink_control.c:291:6:Play_Audio	0	static
../Core/Src/comlink_control.c:348:6:Power_Save	176	static
../Core/Src/comlink_control.c:57:6:ESP_Process	16	static
