../Core/Src/comlink_control.c:288:6:Play_Audio.part.0	32	static
../Core/Src/comlink_control.c:48:6:Start_Audio_In	8	static
../Core/Src/comlink_control.c:54:6:ESP_Process	16	static
../Core/Src/comlink_control.c:93:6:SW_IRQ_OpusTasks_Init	8	static
../Core/Src/comlink_control.c:104:6:SW_OpusTask_Start	0	static
../Core/Src/comlink_control.c:142:6:Audio_IN_HalfTransfer_CallBack	16	static
../Core/Src/comlink_control.c:148:6:Audio_IN_TransferComplete_CallBack	16	static
../Core/Src/comlink_control.c:153:6:Audio_Process	16	static
../Core/Src/comlink_control.c:180:6:HAL_GPIO_EXTI_Callback	0	static
../Core/Src/comlink_control.c:263:6:Write_to_ESP	104	static
../Core/Src/comlink_control.c:197:9:BluevoiceOPUS_SendAudioData	32	static
../Core/Src/comlink_control.c:109:6:SW_OpusTask_Callback	16	static
../Core/Src/comlink_control.c:288:6:Play_Audio	0	static
../Core/Src/comlink_control.c:345:6:Power_Save	8	static
