../Core/Src/syscalls.c:51:6:initialise_monitor_handles	0	static
../Core/Src/syscalls.c:55:5:_getpid	0	static
../Core/Src/syscalls.c:60:5:_kill	8	static
../Core/Src/syscalls.c:66:6:_exit	8	static
../Core/Src/syscalls.c:74:5:_read	16	static
../Core/Src/syscalls.c:86:5:_write	16	static
../Core/Src/syscalls.c:97:9:_sbrk	8	static
../Core/Src/syscalls.c:120:5:_close	0	static
../Core/Src/syscalls.c:125:5:_fstat	0	static
../Core/Src/syscalls.c:131:5:_isatty	0	static
../Core/Src/syscalls.c:136:5:_lseek	0	static
../Core/Src/syscalls.c:141:5:_open	0	static
../Core/Src/syscalls.c:147:5:_wait	8	static
../Core/Src/syscalls.c:153:5:_unlink	8	static
../Core/Src/syscalls.c:159:5:_times	0	static
../Core/Src/syscalls.c:164:5:_stat	0	static
../Core/Src/syscalls.c:170:5:_link	8	static
../Core/Src/syscalls.c:176:5:_fork	8	static
../Core/Src/syscalls.c:182:5:_execve	8	static
