../OpusCmds/src/opus_init.c:50:10:Opus_Profile_Init	32	static
../OpusCmds/src/opus_init.c:100:11:BluevoiceOPUS_ENC_getMemorySize	4	static
../OpusCmds/src/opus_init.c:129:11:BluevoiceOPUS_DEC_getMemorySize	0	static
../OpusCmds/src/opus_init.c:149:9:BluevoiceOPUS_ENC_Init	16	static
../OpusCmds/src/opus_init.c:215:7:BluevoiceOPUS_ENC_Deinit	8	static
../OpusCmds/src/opus_init.c:228:10:BluevoiceOPUS_ENC_IsConfigured	0	static
../OpusCmds/src/opus_init.c:239:10:BluevoiceOPUS_DEC_Init	16	static
../OpusCmds/src/opus_init.c:283:7:BluevoiceOPUS_DEC_Deinit	8	static
../OpusCmds/src/opus_init.c:290:9:BluevoiceOPUS_DEC_IsConfigured	0	static
../OpusCmds/src/opus_init.c:301:9:BluevoiceOPUS_ENC_Set_Bitrate	16	static
../OpusCmds/src/opus_init.c:321:9:BluevoiceOPUS_ENC_Set_CBR	8	static
../OpusCmds/src/opus_init.c:337:9:BluevoiceOPUS_ENC_Set_VBR	8	static
../OpusCmds/src/opus_init.c:355:9:BluevoiceOPUS_ENC_Set_Complexity	8	static
../OpusCmds/src/opus_init.c:377:5:BluevoiceOPUS_ENC_Encode	16	static
../OpusCmds/src/opus_init.c:389:5:BluevoiceOPUS_DEC_Decode	16	static
