../AudioIn/src/audio_in.c:110:9:Audio_IN_Timer_Init	48	static
../AudioIn/src/audio_in.c:175:9:Audio_IN_ClockConfig	112	static
../AudioIn/src/audio_in.c:207:6:Audio_IN_I2S_MspInit	56	static
../AudioIn/src/audio_in.c:45:6:Audio_IN_Init	112	static
../AudioIn/src/audio_in.c:270:9:Audio_IN_Record	8	static
../AudioIn/src/audio_in.c:284:9:Audio_IN_Pause	8	static
../AudioIn/src/audio_in.c:294:9:Audio_IN_Resume	8	static
../AudioIn/src/audio_in.c:305:9:Audio_IN_Timer_Start	8	static
../AudioIn/src/audio_in.c:321:6:HAL_I2S_RxCpltCallback	24	static
../AudioIn/src/audio_in.c:371:6:HAL_I2S_RxHalfCpltCallback	20	static
../AudioIn/src/audio_in.c:416:13:BSP_AUDIO_IN_TransferComplete_CallBack	0	static
../AudioIn/src/audio_in.c:428:13:BSP_AUDIO_IN_HalfTransfer_CallBack	0	static
../AudioIn/src/audio_in.c:440:13:BSP_AUDIO_IN_Error_Callback	0	static
../AudioIn/src/audio_in.c:451:6:HAL_I2S_ErrorCallback	8	static
