../ExtraDrivers/src/stm32f4xx_hal_i2c.c:4972:26:I2C_RequestMemoryRead	48	static
../ExtraDrivers/src/stm32f4xx_hal_i2c.c:4882:26:I2C_RequestMemoryWrite	40	static
../ExtraDrivers/src/stm32f4xx_hal_i2c.c:472:14:HAL_I2C_MspInit	0	static
../ExtraDrivers/src/stm32f4xx_hal_i2c.c:354:19:HAL_I2C_Init	16	static
../ExtraDrivers/src/stm32f4xx_hal_i2c.c:487:14:HAL_I2C_MspDeInit	0	static
../ExtraDrivers/src/stm32f4xx_hal_i2c.c:436:19:HAL_I2C_DeInit	8	static
../ExtraDrivers/src/stm32f4xx_hal_i2c.c:575:19:HAL_I2C_Master_Transmit	48	static
../ExtraDrivers/src/stm32f4xx_hal_i2c.c:707:19:HAL_I2C_Master_Receive	64	static
../ExtraDrivers/src/stm32f4xx_hal_i2c.c:938:19:HAL_I2C_Slave_Transmit	40	static
../ExtraDrivers/src/stm32f4xx_hal_i2c.c:1067:19:HAL_I2C_Slave_Receive	32	static
../ExtraDrivers/src/stm32f4xx_hal_i2c.c:1194:19:HAL_I2C_Master_Transmit_IT	16	static
../ExtraDrivers/src/stm32f4xx_hal_i2c.c:1271:19:HAL_I2C_Master_Receive_IT	16	static
../ExtraDrivers/src/stm32f4xx_hal_i2c.c:1354:19:HAL_I2C_Master_Seq_Transmit_IT	24	static
../ExtraDrivers/src/stm32f4xx_hal_i2c.c:1457:19:HAL_I2C_Master_Seq_Receive_IT	24	static
../ExtraDrivers/src/stm32f4xx_hal_i2c.c:1558:19:HAL_I2C_Slave_Transmit_IT	16	static
../ExtraDrivers/src/stm32f4xx_hal_i2c.c:1638:19:HAL_I2C_Slave_Receive_IT	16	static
../ExtraDrivers/src/stm32f4xx_hal_i2c.c:1720:19:HAL_I2C_Slave_Seq_Transmit_IT	16	static
../ExtraDrivers/src/stm32f4xx_hal_i2c.c:1786:19:HAL_I2C_Slave_Seq_Receive_IT	16	static
../ExtraDrivers/src/stm32f4xx_hal_i2c.c:1848:19:HAL_I2C_EnableListen_IT	0	static
../ExtraDrivers/src/stm32f4xx_hal_i2c.c:1881:19:HAL_I2C_DisableListen_IT	0	static
../ExtraDrivers/src/stm32f4xx_hal_i2c.c:1918:19:HAL_I2C_Master_Transmit_DMA	24	static
../ExtraDrivers/src/stm32f4xx_hal_i2c.c:2038:19:HAL_I2C_Master_Receive_DMA	24	static
../ExtraDrivers/src/stm32f4xx_hal_i2c.c:2206:19:HAL_I2C_Slave_Transmit_DMA	24	static
../ExtraDrivers/src/stm32f4xx_hal_i2c.c:2303:19:HAL_I2C_Slave_Receive_DMA	24	static
../ExtraDrivers/src/stm32f4xx_hal_i2c.c:2412:19:HAL_I2C_Mem_Write	40	static
../ExtraDrivers/src/stm32f4xx_hal_i2c.c:2545:19:HAL_I2C_Mem_Read	64	static
../ExtraDrivers/src/stm32f4xx_hal_i2c.c:2778:19:HAL_I2C_Mem_Write_IT	24	static
../ExtraDrivers/src/stm32f4xx_hal_i2c.c:2863:19:HAL_I2C_Mem_Read_IT	24	static
../ExtraDrivers/src/stm32f4xx_hal_i2c.c:2953:19:HAL_I2C_Mem_Write_DMA	56	static
../ExtraDrivers/src/stm32f4xx_hal_i2c.c:3075:19:HAL_I2C_Mem_Read_DMA	56	static
../ExtraDrivers/src/stm32f4xx_hal_i2c.c:3237:19:HAL_I2C_IsDeviceReady	48	static
../ExtraDrivers/src/stm32f4xx_hal_i2c.c:3540:13:HAL_I2C_MasterTxCpltCallback	0	static
../ExtraDrivers/src/stm32f4xx_hal_i2c.c:3556:13:HAL_I2C_MasterRxCpltCallback	0	static
../ExtraDrivers/src/stm32f4xx_hal_i2c.c:3571:13:HAL_I2C_SlaveTxCpltCallback	0	static
../ExtraDrivers/src/stm32f4xx_hal_i2c.c:3587:13:HAL_I2C_SlaveRxCpltCallback	0	static
../ExtraDrivers/src/stm32f4xx_hal_i2c.c:3605:13:HAL_I2C_AddrCallback	0	static
../ExtraDrivers/src/stm32f4xx_hal_i2c.c:3623:13:HAL_I2C_ListenCpltCallback	0	static
../ExtraDrivers/src/stm32f4xx_hal_i2c.c:3639:13:HAL_I2C_MemTxCpltCallback	0	static
../ExtraDrivers/src/stm32f4xx_hal_i2c.c:3655:13:HAL_I2C_MemRxCpltCallback	0	static
../ExtraDrivers/src/stm32f4xx_hal_i2c.c:3671:13:HAL_I2C_ErrorCallback	0	static
../ExtraDrivers/src/stm32f4xx_hal_i2c.c:5163:13:I2C_DMAError	8	static
../ExtraDrivers/src/stm32f4xx_hal_i2c.c:5099:13:I2C_DMAXferCplt	8	static
../ExtraDrivers/src/stm32f4xx_hal_i2c.c:3687:13:HAL_I2C_AbortCpltCallback	0	static
../ExtraDrivers/src/stm32f4xx_hal_i2c.c:4571:13:I2C_ITError	8	static
../ExtraDrivers/src/stm32f4xx_hal_i2c.c:3466:6:HAL_I2C_ER_IRQHandler	24	static
../ExtraDrivers/src/stm32f4xx_hal_i2c.c:3360:6:HAL_I2C_EV_IRQHandler	72	static
../ExtraDrivers/src/stm32f4xx_hal_i2c.c:5190:13:I2C_DMAAbort	8	static
../ExtraDrivers/src/stm32f4xx_hal_i2c.c:2157:19:HAL_I2C_Master_Abort_IT	8	static
../ExtraDrivers/src/stm32f4xx_hal_i2c.c:3722:22:HAL_I2C_GetState	0	static
../ExtraDrivers/src/stm32f4xx_hal_i2c.c:3734:21:HAL_I2C_GetMode	0	static
../ExtraDrivers/src/stm32f4xx_hal_i2c.c:3745:10:HAL_I2C_GetError	0	static
