../Opus/src/repacketizer.c:37:5:opus_repacketizer_get_size	0	static
../Opus/src/repacketizer.c:42:19:opus_repacketizer_init	0	static
../Opus/src/repacketizer.c:48:19:opus_repacketizer_create	8	static
../Opus/src/repacketizer.c:56:6:opus_repacketizer_destroy	0	static
../Opus/src/repacketizer.c:92:5:opus_repacketizer_cat	48	static
../Opus/src/repacketizer.c:97:5:opus_repacketizer_get_nb_frames	0	static
../Opus/src/repacketizer.c:102:12:opus_repacketizer_out_range_impl	56	static
../Opus/src/repacketizer.c:229:12:opus_repacketizer_out_range	24	static
../Opus/src/repacketizer.c:234:12:opus_repacketizer_out	32	static
../Opus/src/repacketizer.c:239:5:opus_packet_pad	352	static
../Opus/src/repacketizer.c:262:12:opus_packet_unpad	344	static
../Opus/src/repacketizer.c:277:5:opus_multistream_packet_pad	464	static
../Opus/src/repacketizer.c:308:12:opus_multistream_packet_unpad	480	static
