../Opus/celt/entenc.c:112:6:ec_enc_init	4	static
../Opus/celt/entenc.c:128:6:ec_encode	16	static
../Opus/celt/entenc.c:139:6:ec_encode_bin	12	static
../Opus/celt/entenc.c:151:6:ec_enc_bit_logp	12	static
../Opus/celt/entenc.c:164:6:ec_enc_icdf	16	static
../Opus/celt/entenc.c:175:6:ec_enc_uint	32	static
../Opus/celt/entenc.c:193:6:ec_enc_bits	24	static
../Opus/celt/entenc.c:214:6:ec_enc_patch_initial_bits	8	static
../Opus/celt/entenc.c:237:6:ec_enc_shrink	16	static
../Opus/celt/entenc.c:244:6:ec_enc_done	32	static
